2026-08-12T18:33:17-05:00 supervisor start interval=30m python=C:\Users\Raqam\trading_bot\bot\.venv\Scripts\python.exe repo=C:\Users\Raqam\trading_bot
2026-08-12T18:33:17-05:00 cycle begin
2026-08-12T18:33:21-05:00 cycle exit=0
2026-08-12T19:03:22-05:00 cycle begin
2026-08-12T19:03:33-05:00 cycle exit=0
2026-08-12T19:07:51-05:00 supervisor stop
2026-08-12T19:07:54-05:00 supervisor start interval=30m python=C:\Users\Raqam\trading_bot\bot\.venv\Scripts\python.exe repo=C:\Users\Raqam\trading_bot
2026-08-12T19:07:54-05:00 cycle begin
2026-08-12T19:08:02-05:00 cycle exit=0
2026-08-12T19:38:02-05:00 cycle begin
2026-08-12T19:40:07-05:00 cycle exit=0
2026-08-12T20:10:07-05:00 cycle begin
2026-08-12T20:13:29-05:00 cycle exit=0
2026-08-12T20:43:29-05:00 cycle begin
2026-08-12T20:47:30-05:00 cycle exit=0
2026-08-12T21:17:30-05:00 cycle begin
2026-08-12T21:21:21-05:00 cycle exit=0
2026-08-12T21:51:21-05:00 cycle begin
2026-08-12T21:55:48-05:00 cycle exit=0
2026-08-12T22:25:48-05:00 cycle begin
2026-08-12T22:29:02-05:00 cycle exit=0
2026-08-12T22:59:02-05:00 cycle begin
2026-08-12T23:03:07-05:00 cycle exit=0
2026-08-12T23:33:07-05:00 cycle begin
2026-08-12T23:37:20-05:00 cycle exit=0
2026-08-13T00:41:39-05:00 supervisor start interval=30m python=C:\Users\Raqam\trading_bot\bot\.venv\Scripts\python.exe repo=C:\Users\Raqam\trading_bot
2026-08-13T00:41:39-05:00 cycle begin
2026-08-13T00:44:48-05:00 cycle exit=0
2026-08-13T01:14:48-05:00 cycle begin
2026-08-13T01:17:50-05:00 cycle exit=0
2026-08-13T01:47:50-05:00 cycle begin
2026-08-13T01:50:51-05:00 cycle exit=0
2026-08-13T02:20:51-05:00 cycle begin
2026-08-13T02:23:53-05:00 cycle exit=0
2026-08-13T02:53:53-05:00 cycle begin
2026-08-13T02:56:54-05:00 cycle exit=0
2026-08-13T03:26:54-05:00 cycle begin
2026-08-13T03:29:55-05:00 cycle exit=0
2026-08-13T03:59:55-05:00 cycle begin
2026-08-13T04:02:56-05:00 cycle exit=0
2026-08-13T04:32:57-05:00 cycle begin
2026-08-13T04:35:58-05:00 cycle exit=0
2026-08-13T05:05:58-05:00 cycle begin
2026-08-13T05:08:59-05:00 cycle exit=0
2026-08-13T05:38:59-05:00 cycle begin
2026-08-13T05:42:01-05:00 cycle exit=0
2026-08-13T06:12:01-05:00 cycle begin
2026-08-13T06:15:02-05:00 cycle exit=0
2026-08-13T06:45:02-05:00 cycle begin
2026-08-13T06:48:03-05:00 cycle exit=0
2026-08-13T07:18:03-05:00 cycle begin
2026-08-13T07:21:05-05:00 cycle exit=0
2026-08-13T07:51:05-05:00 cycle begin
2026-08-13T07:54:06-05:00 cycle exit=0
2026-08-13T08:24:06-05:00 cycle begin
2026-08-13T08:27:08-05:00 cycle exit=0
2026-08-13T08:57:08-05:00 cycle begin
2026-08-13T09:00:09-05:00 cycle exit=0
2026-08-13T09:30:09-05:00 cycle begin
2026-08-13T09:33:10-05:00 cycle exit=0
2026-08-13T10:03:10-05:00 cycle begin
2026-08-13T10:06:11-05:00 cycle exit=0
2026-08-13T10:36:11-05:00 cycle begin
2026-08-13T10:39:13-05:00 cycle exit=0
2026-08-13T11:09:13-05:00 cycle begin
2026-08-13T11:12:14-05:00 cycle exit=0
2026-08-13T11:33:56-05:00 supervisor start interval=30m python=C:\Users\Raqam\trading_bot\bot\.venv\Scripts\python.exe repo=C:\Users\Raqam\trading_bot
2026-08-13T11:33:56-05:00 cycle begin
2026-08-13T11:36:58-05:00 cycle exit=0
2026-08-13T12:06:58-05:00 cycle begin
2026-08-13T12:11:10-05:00 cycle exit=0
2026-08-13T12:41:10-05:00 cycle begin
2026-08-13T12:45:31-05:00 cycle exit=0
2026-08-13T12:46:20-05:00 supervisor start interval=5m python=C:\Users\Raqam\trading_bot\bot\.venv\Scripts\python.exe repo=C:\Users\Raqam\trading_bot
2026-08-13T12:46:20-05:00 cycle begin
2026-08-13T12:51:21-05:00 cycle exit=0
2026-08-13T12:56:21-05:00 cycle begin
2026-08-13T12:59:51-05:00 cycle exit=0
2026-08-13T13:04:51-05:00 cycle begin
2026-08-13T13:09:11-05:00 cycle exit=0
2026-08-13T13:14:11-05:00 cycle begin
2026-08-13T13:17:12-05:00 cycle exit=0
2026-08-13T13:22:12-05:00 cycle begin
2026-08-13T13:25:37-05:00 cycle exit=0
2026-08-13T13:30:37-05:00 cycle begin
2026-08-13T13:34:02-05:00 cycle exit=0
2026-08-13T13:39:02-05:00 cycle begin
2026-08-13T13:42:26-05:00 cycle exit=0
2026-08-13T13:47:26-05:00 cycle begin
2026-08-13T13:50:50-05:00 cycle exit=0
2026-08-13T13:55:40-05:00 supervisor start interval=20m python=C:\Users\Raqam\trading_bot\bot\.venv\Scripts\python.exe repo=C:\Users\Raqam\trading_bot
2026-08-13T13:55:40-05:00 cycle begin
2026-08-13T13:59:05-05:00 cycle exit=0
2026-08-13T14:00:52-05:00 supervisor start interval=20m python=C:\Users\Raqam\trading_bot\bot\.venv\Scripts\python.exe repo=C:\Users\Raqam\trading_bot cool_threads=2
2026-08-13T14:00:52-05:00 initial sleep 1100s (preserve cadence)
2026-08-13T14:19:12-05:00 cycle begin
2026-08-13T14:23:29-05:00 cycle exit=
2026-08-13T14:43:29-05:00 cycle begin
2026-08-13T14:47:11-05:00 cycle exit=
2026-08-13T15:07:11-05:00 cycle begin
2026-08-13T15:10:58-05:00 cycle exit=
2026-08-13T15:30:58-05:00 cycle begin
2026-08-13T15:34:34-05:00 cycle exit=
2026-08-13T15:54:34-05:00 cycle begin
2026-08-13T15:58:20-05:00 cycle exit=
2026-08-13T16:18:20-05:00 cycle begin
2026-08-13T16:25:57-05:00 cycle exit=
2026-08-13T16:45:57-05:00 cycle begin
2026-08-13T16:53:07-05:00 cycle exit=
2026-08-13T17:13:07-05:00 cycle begin
2026-08-13T17:19:22-05:00 cycle exit=
2026-08-13T17:39:22-05:00 cycle begin
2026-08-13T17:43:26-05:00 cycle exit=
2026-08-13T18:03:26-05:00 cycle begin
2026-08-13T18:07:23-05:00 cycle exit=
2026-08-13T18:27:23-05:00 cycle begin
2026-08-13T18:31:14-05:00 cycle exit=
2026-08-13T18:51:14-05:00 cycle begin
2026-08-13T18:55:59-05:00 cycle exit=
2026-08-13T19:15:59-05:00 cycle begin
2026-08-13T19:19:02-05:00 cycle exit=
2026-08-13T19:39:02-05:00 cycle begin
2026-08-13T19:42:04-05:00 cycle exit=
2026-08-13T20:02:04-05:00 cycle begin
2026-08-13T20:05:07-05:00 cycle exit=
2026-08-13T20:25:07-05:00 cycle begin
2026-08-13T20:28:09-05:00 cycle exit=
2026-08-13T20:48:09-05:00 cycle begin
2026-08-13T20:51:11-05:00 cycle exit=
2026-08-13T21:11:11-05:00 cycle begin
2026-08-13T21:14:13-05:00 cycle exit=
2026-08-13T21:34:13-05:00 cycle begin
2026-08-13T21:37:15-05:00 cycle exit=
2026-08-13T21:57:15-05:00 cycle begin
2026-08-13T22:00:17-05:00 cycle exit=
2026-08-13T22:20:17-05:00 cycle begin
2026-08-13T22:23:19-05:00 cycle exit=
2026-08-13T22:43:19-05:00 cycle begin
2026-08-13T22:46:21-05:00 cycle exit=
2026-08-13T23:06:21-05:00 cycle begin
2026-08-13T23:09:23-05:00 cycle exit=
2026-08-13T23:29:23-05:00 cycle begin
2026-08-13T23:32:25-05:00 cycle exit=
2026-08-13T23:52:25-05:00 cycle begin
2026-08-13T23:55:36-05:00 cycle exit=
2026-08-14T00:15:36-05:00 cycle begin
2026-08-14T00:18:38-05:00 cycle exit=
2026-08-14T00:38:38-05:00 cycle begin
2026-08-14T00:41:40-05:00 cycle exit=
2026-08-14T01:01:40-05:00 cycle begin
2026-08-14T01:04:42-05:00 cycle exit=
2026-08-14T01:24:42-05:00 cycle begin
2026-08-14T01:27:45-05:00 cycle exit=
2026-08-14T01:47:45-05:00 cycle begin
2026-08-14T01:50:47-05:00 cycle exit=
2026-08-14T02:10:47-05:00 cycle begin
2026-08-14T02:13:49-05:00 cycle exit=
2026-08-14T02:33:49-05:00 cycle begin
2026-08-14T02:36:51-05:00 cycle exit=
2026-08-14T02:56:51-05:00 cycle begin
2026-08-14T03:04:09-05:00 cycle exit=
2026-08-14T03:24:09-05:00 cycle begin
2026-08-14T03:31:24-05:00 cycle exit=
2026-08-14T03:51:24-05:00 cycle begin
2026-08-14T03:58:17-05:00 cycle exit=
2026-08-14T04:18:17-05:00 cycle begin
2026-08-14T04:21:23-05:00 cycle exit=
2026-08-14T04:41:23-05:00 cycle begin
2026-08-14T04:44:27-05:00 cycle exit=
2026-08-14T05:04:27-05:00 cycle begin
2026-08-14T05:07:30-05:00 cycle exit=
2026-08-14T10:32:57-05:00 cycle begin
2026-08-14T10:37:50-05:00 cycle exit=
2026-08-14T10:57:50-05:00 cycle begin
2026-08-14T11:00:53-05:00 cycle exit=
2026-08-14T11:20:53-05:00 cycle begin
2026-08-14T11:23:55-05:00 cycle exit=
2026-08-14T11:43:55-05:00 cycle begin
2026-08-14T11:46:57-05:00 cycle exit=
2026-08-14T12:06:57-05:00 cycle begin
2026-08-14T12:14:25-05:00 cycle exit=
2026-08-14T12:34:26-05:00 cycle begin
2026-08-14T12:47:19-05:00 cycle exit=
2026-08-14T13:07:19-05:00 cycle begin
2026-08-14T13:16:37-05:00 cycle exit=
2026-08-14T13:36:37-05:00 cycle begin
2026-08-14T13:41:19-05:00 cycle exit=
2026-08-14T14:01:19-05:00 cycle begin
2026-08-14T14:22:15-05:00 cycle exit=
2026-08-14T14:42:16-05:00 cycle begin
2026-08-14T14:45:34-05:00 cycle exit=
2026-08-14T15:05:34-05:00 cycle begin
2026-08-14T15:09:30-05:00 cycle exit=
2026-08-14T15:29:34-05:00 cycle begin
2026-08-14T15:37:38-05:00 cycle exit=
2026-08-14T15:57:38-05:00 cycle begin
2026-08-14T16:01:27-05:00 cycle exit=
2026-08-14T16:21:28-05:00 cycle begin
2026-08-14T16:24:32-05:00 cycle exit=
2026-08-14T16:44:32-05:00 cycle begin
2026-08-14T16:47:39-05:00 cycle exit=
2026-08-14T17:07:39-05:00 cycle begin
2026-08-14T17:10:50-05:00 cycle exit=
2026-08-14T17:30:50-05:00 cycle begin
2026-08-14T17:34:01-05:00 cycle exit=
2026-08-14T17:54:01-05:00 cycle begin
2026-08-14T17:57:04-05:00 cycle exit=
2026-08-14T18:17:04-05:00 cycle begin
2026-08-14T18:31:50-05:00 supervisor start interval=20m python=C:\Users\Raqam\trading_bot\bot\.venv\Scripts\python.exe repo=C:\Users\Raqam\trading_bot cool_threads=2
2026-08-14T18:31:50-05:00 cycle begin
2026-08-14T18:34:53-05:00 cycle exit=
2026-08-14T18:54:53-05:00 cycle begin
2026-08-14T18:57:56-05:00 cycle exit=
2026-08-14T19:17:56-05:00 cycle begin
2026-08-14T19:20:58-05:00 cycle exit=
2026-08-14T19:40:59-05:00 cycle begin
2026-08-14T19:44:01-05:00 cycle exit=
2026-08-14T20:04:01-05:00 cycle begin
2026-08-14T20:07:04-05:00 cycle exit=
2026-08-14T20:27:04-05:00 cycle begin
2026-08-14T20:30:07-05:00 cycle exit=
2026-08-14T20:50:07-05:00 cycle begin
2026-08-14T20:53:09-05:00 cycle exit=
2026-08-14T21:13:09-05:00 cycle begin
2026-08-14T21:16:11-05:00 cycle exit=
2026-08-14T21:36:11-05:00 cycle begin
2026-08-14T21:39:14-05:00 cycle exit=
2026-08-14T21:59:14-05:00 cycle begin
2026-08-14T22:02:16-05:00 cycle exit=
2026-08-14T22:22:16-05:00 cycle begin
2026-08-14T22:25:19-05:00 cycle exit=
2026-08-14T22:45:19-05:00 cycle begin
2026-08-14T22:48:21-05:00 cycle exit=
2026-08-14T23:08:21-05:00 cycle begin
2026-08-14T23:11:24-05:00 cycle exit=
2026-08-14T23:31:24-05:00 cycle begin
2026-08-14T23:34:27-05:00 cycle exit=
2026-08-14T23:54:27-05:00 cycle begin
2026-08-14T23:57:40-05:00 cycle exit=
2026-08-15T00:17:40-05:00 cycle begin
2026-08-15T00:20:42-05:00 cycle exit=
2026-08-15T00:40:42-05:00 cycle begin
2026-08-15T00:43:45-05:00 cycle exit=
2026-08-15T01:03:45-05:00 cycle begin
2026-08-15T01:06:48-05:00 cycle exit=
2026-08-15T01:26:48-05:00 cycle begin
2026-08-15T01:29:51-05:00 cycle exit=
2026-08-15T01:49:51-05:00 cycle begin
2026-08-15T01:52:53-05:00 cycle exit=
2026-08-15T02:12:53-05:00 cycle begin
2026-08-15T02:15:56-05:00 cycle exit=
2026-08-15T02:35:56-05:00 cycle begin
2026-08-15T02:38:58-05:00 cycle exit=
2026-08-15T02:58:58-05:00 cycle begin
2026-08-15T03:02:01-05:00 cycle exit=
2026-08-15T03:22:01-05:00 cycle begin
2026-08-15T03:25:03-05:00 cycle exit=
2026-08-15T03:45:03-05:00 cycle begin
2026-08-15T03:48:06-05:00 cycle exit=
2026-08-15T04:08:06-05:00 cycle begin
2026-08-15T04:11:09-05:00 cycle exit=
2026-08-15T04:31:09-05:00 cycle begin
2026-08-15T04:34:12-05:00 cycle exit=
2026-08-15T04:54:12-05:00 cycle begin
2026-08-15T04:57:25-05:00 cycle exit=
2026-08-15T05:17:25-05:00 cycle begin
2026-08-15T05:20:27-05:00 cycle exit=
2026-08-15T05:40:27-05:00 cycle begin
2026-08-15T05:43:30-05:00 cycle exit=
2026-08-15T06:03:30-05:00 cycle begin
2026-08-15T06:06:33-05:00 cycle exit=
2026-08-15T06:26:33-05:00 cycle begin
2026-08-15T06:29:36-05:00 cycle exit=
2026-08-15T06:49:36-05:00 cycle begin
2026-08-15T06:52:39-05:00 cycle exit=
2026-08-15T07:12:39-05:00 cycle begin
2026-08-15T07:15:42-05:00 cycle exit=
2026-08-15T07:35:42-05:00 cycle begin
2026-08-15T07:38:44-05:00 cycle exit=
2026-08-15T07:58:44-05:00 cycle begin
2026-08-15T08:01:47-05:00 cycle exit=
2026-08-15T08:21:47-05:00 cycle begin
2026-08-15T08:24:49-05:00 cycle exit=
2026-08-15T08:44:49-05:00 cycle begin
2026-08-15T08:47:52-05:00 cycle exit=
2026-08-15T09:07:52-05:00 cycle begin
2026-08-15T09:10:54-05:00 cycle exit=
2026-08-15T09:30:54-05:00 cycle begin
2026-08-15T09:33:57-05:00 cycle exit=
2026-08-15T09:53:57-05:00 cycle begin
2026-08-15T09:57:01-05:00 cycle exit=
2026-08-15T10:17:01-05:00 cycle begin
2026-08-15T10:20:04-05:00 cycle exit=
2026-08-15T10:40:04-05:00 cycle begin
2026-08-15T10:43:08-05:00 cycle exit=
2026-08-15T11:03:08-05:00 cycle begin
2026-08-15T11:06:16-05:00 cycle exit=
2026-08-15T11:26:16-05:00 cycle begin
2026-08-15T11:29:19-05:00 cycle exit=
2026-08-15T11:49:19-05:00 cycle begin
2026-08-15T11:52:23-05:00 cycle exit=
2026-08-15T12:12:23-05:00 cycle begin
2026-08-15T12:15:28-05:00 cycle exit=
2026-08-15T12:35:28-05:00 cycle begin
2026-08-15T12:38:44-05:00 cycle exit=
2026-08-15T12:58:44-05:00 cycle begin
2026-08-15T13:01:49-05:00 cycle exit=
2026-08-15T13:21:49-05:00 cycle begin
2026-08-15T13:24:52-05:00 cycle exit=
2026-08-15T13:44:52-05:00 cycle begin
2026-08-15T13:47:55-05:00 cycle exit=
2026-08-15T14:07:55-05:00 cycle begin
2026-08-15T14:11:01-05:00 cycle exit=
2026-08-15T14:31:01-05:00 cycle begin
2026-08-15T14:31:08-05:00 cycle exit=
2026-08-15T14:51:08-05:00 cycle begin
2026-08-15T14:51:11-05:00 cycle exit=
2026-08-15T15:11:11-05:00 cycle begin
2026-08-15T15:11:15-05:00 cycle exit=
2026-08-15T15:31:15-05:00 cycle begin
2026-08-15T15:31:19-05:00 cycle exit=
2026-08-15T15:51:19-05:00 cycle begin
2026-08-15T15:51:23-05:00 cycle exit=
2026-08-15T16:11:23-05:00 cycle begin
2026-08-15T16:11:25-05:00 cycle exit=
2026-08-15T16:31:25-05:00 cycle begin
2026-08-15T16:31:28-05:00 cycle exit=
2026-08-15T16:51:28-05:00 cycle begin
2026-08-15T16:51:43-05:00 cycle exit=
2026-08-15T17:11:43-05:00 cycle begin
2026-08-15T17:11:46-05:00 cycle exit=
2026-08-15T17:31:46-05:00 cycle begin
2026-08-15T17:31:49-05:00 cycle exit=
2026-08-15T17:51:49-05:00 cycle begin
2026-08-15T17:51:53-05:00 cycle exit=
2026-08-15T18:11:53-05:00 cycle begin
2026-08-15T18:11:57-05:00 cycle exit=
2026-08-15T18:31:57-05:00 cycle begin
2026-08-15T18:31:59-05:00 cycle exit=
2026-08-15T18:51:59-05:00 cycle begin
2026-08-15T18:52:02-05:00 cycle exit=
2026-08-15T19:12:02-05:00 cycle begin
2026-08-15T19:12:05-05:00 cycle exit=
2026-08-15T19:32:05-05:00 cycle begin
2026-08-15T19:32:07-05:00 cycle exit=
2026-08-15T19:52:07-05:00 cycle begin
2026-08-15T19:52:13-05:00 cycle exit=
2026-08-15T20:12:13-05:00 cycle begin
2026-08-15T20:12:16-05:00 cycle exit=
2026-08-15T20:32:16-05:00 cycle begin
2026-08-15T20:32:19-05:00 cycle exit=
2026-08-15T20:52:19-05:00 cycle begin
2026-08-15T20:52:22-05:00 cycle exit=
2026-08-15T21:12:22-05:00 cycle begin
2026-08-15T21:12:25-05:00 cycle exit=
2026-08-15T21:32:25-05:00 cycle begin
2026-08-15T21:32:32-05:00 cycle exit=
2026-08-15T21:52:32-05:00 cycle begin
2026-08-15T21:52:35-05:00 cycle exit=
2026-08-15T22:12:33-05:00 cycle begin
2026-08-15T22:12:36-05:00 cycle exit=
2026-08-15T22:32:36-05:00 cycle begin
2026-08-15T22:32:38-05:00 cycle exit=
2026-08-15T22:52:38-05:00 cycle begin
2026-08-15T22:52:40-05:00 cycle exit=
2026-08-15T23:12:40-05:00 cycle begin
2026-08-15T23:12:43-05:00 cycle exit=
2026-08-15T23:32:43-05:00 cycle begin
2026-08-15T23:32:45-05:00 cycle exit=
2026-08-15T23:52:45-05:00 cycle begin
2026-08-15T23:52:57-05:00 cycle exit=
2026-08-16T00:12:57-05:00 cycle begin
2026-08-16T00:12:59-05:00 cycle exit=
2026-08-16T00:32:59-05:00 cycle begin
2026-08-16T00:33:01-05:00 cycle exit=
2026-08-16T00:53:01-05:00 cycle begin
2026-08-16T00:53:03-05:00 cycle exit=
2026-08-16T01:13:04-05:00 cycle begin
2026-08-16T01:13:06-05:00 cycle exit=
2026-08-16T01:33:06-05:00 cycle begin
2026-08-16T01:33:08-05:00 cycle exit=
2026-08-16T01:53:08-05:00 cycle begin
2026-08-16T01:53:11-05:00 cycle exit=
2026-08-16T02:13:11-05:00 cycle begin
2026-08-16T02:13:13-05:00 cycle exit=
2026-08-16T02:33:13-05:00 cycle begin
2026-08-16T02:33:15-05:00 cycle exit=
2026-08-16T02:53:15-05:00 cycle begin
2026-08-16T02:53:18-05:00 cycle exit=
2026-08-16T03:13:18-05:00 cycle begin
2026-08-16T03:13:20-05:00 cycle exit=
2026-08-16T03:33:20-05:00 cycle begin
2026-08-16T03:33:23-05:00 cycle exit=
2026-08-16T03:53:23-05:00 cycle begin
2026-08-16T03:53:25-05:00 cycle exit=
2026-08-16T04:13:25-05:00 cycle begin
2026-08-16T04:13:27-05:00 cycle exit=
2026-08-16T04:33:27-05:00 cycle begin
2026-08-16T04:33:29-05:00 cycle exit=
2026-08-16T04:53:29-05:00 cycle begin
2026-08-16T04:53:32-05:00 cycle exit=
2026-08-16T05:13:32-05:00 cycle begin
2026-08-16T05:13:45-05:00 cycle exit=
2026-08-16T05:33:45-05:00 cycle begin
2026-08-16T05:33:47-05:00 cycle exit=
2026-08-16T05:53:47-05:00 cycle begin
2026-08-16T05:53:51-05:00 cycle exit=
2026-08-16T06:13:51-05:00 cycle begin
2026-08-16T06:13:56-05:00 cycle exit=
2026-08-16T06:33:56-05:00 cycle begin
2026-08-16T06:33:59-05:00 cycle exit=
2026-08-16T06:53:59-05:00 cycle begin
2026-08-16T06:54:02-05:00 cycle exit=
2026-08-16T07:14:02-05:00 cycle begin
2026-08-16T07:14:04-05:00 cycle exit=
2026-08-16T07:34:04-05:00 cycle begin
2026-08-16T07:34:07-05:00 cycle exit=
2026-08-16T07:54:07-05:00 cycle begin
2026-08-16T07:54:09-05:00 cycle exit=
2026-08-16T08:14:09-05:00 cycle begin
2026-08-16T08:14:12-05:00 cycle exit=
2026-08-16T08:34:12-05:00 cycle begin
2026-08-16T08:34:14-05:00 cycle exit=
2026-08-16T08:54:14-05:00 cycle begin
2026-08-16T08:54:16-05:00 cycle exit=
2026-08-16T09:14:16-05:00 cycle begin
2026-08-16T09:14:19-05:00 cycle exit=
2026-08-16T09:34:19-05:00 cycle begin
2026-08-16T09:34:21-05:00 cycle exit=
2026-08-16T09:54:21-05:00 cycle begin
2026-08-16T09:54:23-05:00 cycle exit=
2026-08-16T10:14:23-05:00 cycle begin
2026-08-16T10:14:27-05:00 cycle exit=
2026-08-16T10:34:27-05:00 cycle begin
2026-08-16T10:34:31-05:00 cycle exit=
2026-08-16T10:54:31-05:00 cycle begin
2026-08-16T10:54:37-05:00 cycle exit=
2026-08-16T11:14:37-05:00 cycle begin
2026-08-16T11:14:41-05:00 cycle exit=
2026-08-16T11:34:41-05:00 cycle begin
2026-08-16T11:34:43-05:00 cycle exit=
2026-08-16T11:54:44-05:00 cycle begin
2026-08-16T11:54:47-05:00 cycle exit=
2026-08-16T12:14:47-05:00 cycle begin
2026-08-16T12:14:49-05:00 cycle exit=
2026-08-16T12:34:50-05:00 cycle begin
2026-08-16T12:35:04-05:00 cycle exit=
2026-08-16T12:55:04-05:00 cycle begin
2026-08-16T12:55:08-05:00 cycle exit=
2026-08-16T13:15:08-05:00 cycle begin
2026-08-16T13:15:11-05:00 cycle exit=
2026-08-16T13:35:11-05:00 cycle begin
2026-08-16T13:35:16-05:00 cycle exit=
2026-08-16T13:55:16-05:00 cycle begin
2026-08-16T13:55:23-05:00 cycle exit=
2026-08-16T14:15:23-05:00 cycle begin
2026-08-16T14:32:00-05:00 cycle exit=
2026-08-16T14:52:01-05:00 cycle begin
2026-08-16T15:01:22-05:00 cycle exit=
2026-08-16T15:21:22-05:00 cycle begin
2026-08-16T15:59:03-05:00 cycle exit=
2026-08-16T16:19:03-05:00 cycle begin
2026-08-16T16:22:33-05:00 cycle exit=
2026-08-16T16:42:34-05:00 cycle begin
2026-08-16T16:42:42-05:00 cycle exit=
2026-08-16T17:02:43-05:00 cycle begin
2026-08-16T17:03:05-05:00 cycle exit=
2026-08-16T17:23:05-05:00 cycle begin
2026-08-16T17:23:15-05:00 cycle exit=
2026-08-16T17:45:33-05:00 cycle begin
2026-08-16T17:45:45-05:00 cycle exit=
2026-08-16T18:05:45-05:00 cycle begin
2026-08-16T18:05:54-05:00 cycle exit=
2026-08-16T19:05:15-05:00 cycle begin
2026-08-16T19:05:49-05:00 cycle exit=
2026-08-16T19:25:49-05:00 cycle begin
2026-08-16T19:25:52-05:00 cycle exit=
2026-08-16T19:45:52-05:00 cycle begin
2026-08-16T19:45:57-05:00 cycle exit=
2026-08-16T20:05:57-05:00 cycle begin
2026-08-16T20:06:00-05:00 cycle exit=
2026-08-16T20:26:00-05:00 cycle begin
2026-08-16T20:26:05-05:00 cycle exit=
2026-08-16T20:46:05-05:00 cycle begin
2026-08-16T20:46:10-05:00 cycle exit=
2026-08-16T21:06:11-05:00 cycle begin
2026-08-16T21:06:14-05:00 cycle exit=
2026-08-16T21:26:14-05:00 cycle begin
2026-08-16T21:26:17-05:00 cycle exit=
2026-08-16T21:46:17-05:00 cycle begin
2026-08-16T21:46:20-05:00 cycle exit=
2026-08-16T22:06:20-05:00 cycle begin
2026-08-16T22:06:25-05:00 cycle exit=
2026-08-16T22:26:25-05:00 cycle begin
2026-08-16T22:26:37-05:00 cycle exit=
2026-08-16T22:46:37-05:00 cycle begin
2026-08-16T22:46:40-05:00 cycle exit=
2026-08-16T23:06:40-05:00 cycle begin
2026-08-16T23:06:46-05:00 cycle exit=
2026-08-16T23:26:46-05:00 cycle begin
2026-08-16T23:26:53-05:00 cycle exit=
2026-08-16T23:46:53-05:00 cycle begin
2026-08-16T23:46:58-05:00 cycle exit=
2026-08-17T00:06:58-05:00 cycle begin
2026-08-17T00:07:02-05:00 cycle exit=
2026-08-17T00:27:02-05:00 cycle begin
2026-08-17T00:27:08-05:00 cycle exit=
2026-08-17T00:47:08-05:00 cycle begin
2026-08-17T00:47:12-05:00 cycle exit=
2026-08-17T01:07:12-05:00 cycle begin
2026-08-17T01:07:20-05:00 cycle exit=
2026-08-17T01:27:20-05:00 cycle begin
2026-08-17T01:27:24-05:00 cycle exit=
2026-08-17T01:47:24-05:00 cycle begin
2026-08-17T01:47:33-05:00 cycle exit=
2026-08-17T02:07:33-05:00 cycle begin
2026-08-17T02:07:36-05:00 cycle exit=
2026-08-17T02:27:36-05:00 cycle begin
2026-08-17T02:27:39-05:00 cycle exit=
2026-08-17T02:47:39-05:00 cycle begin
2026-08-17T02:47:41-05:00 cycle exit=
2026-08-17T03:07:41-05:00 cycle begin
2026-08-17T03:07:44-05:00 cycle exit=
2026-08-17T03:27:44-05:00 cycle begin
2026-08-17T03:42:18-05:00 cycle exit=
2026-08-17T04:02:18-05:00 cycle begin
2026-08-17T04:02:20-05:00 cycle exit=
2026-08-17T04:22:20-05:00 cycle begin
2026-08-17T04:22:23-05:00 cycle exit=
2026-08-17T04:42:23-05:00 cycle begin
2026-08-17T04:42:26-05:00 cycle exit=
2026-08-17T05:02:26-05:00 cycle begin
2026-08-17T05:02:28-05:00 cycle exit=
2026-08-17T05:22:28-05:00 cycle begin
2026-08-17T05:22:38-05:00 cycle exit=
2026-08-17T05:42:38-05:00 cycle begin
2026-08-17T05:42:40-05:00 cycle exit=
2026-08-17T06:02:40-05:00 cycle begin
2026-08-17T06:02:43-05:00 cycle exit=
2026-08-17T06:22:43-05:00 cycle begin
2026-08-17T06:22:46-05:00 cycle exit=
2026-08-17T06:42:45-05:00 cycle begin
2026-08-17T06:42:47-05:00 cycle exit=
2026-08-17T07:02:47-05:00 cycle begin
2026-08-17T07:02:50-05:00 cycle exit=
2026-08-17T07:22:50-05:00 cycle begin
2026-08-17T07:22:53-05:00 cycle exit=
2026-08-17T07:42:53-05:00 cycle begin
2026-08-17T07:42:55-05:00 cycle exit=
2026-08-17T08:02:55-05:00 cycle begin
2026-08-17T08:02:58-05:00 cycle exit=
2026-08-17T08:22:58-05:00 cycle begin
2026-08-17T08:23:01-05:00 cycle exit=
2026-08-17T08:43:01-05:00 cycle begin
2026-08-17T08:43:04-05:00 cycle exit=
2026-08-17T09:03:04-05:00 cycle begin
2026-08-17T09:03:07-05:00 cycle exit=
2026-08-17T09:23:07-05:00 cycle begin
2026-08-17T09:23:09-05:00 cycle exit=
2026-08-17T09:43:09-05:00 cycle begin
2026-08-17T09:43:17-05:00 cycle exit=
2026-08-17T10:03:17-05:00 cycle begin
2026-08-17T10:03:23-05:00 cycle exit=
2026-08-17T10:23:23-05:00 cycle begin
2026-08-17T10:23:32-05:00 cycle exit=
2026-08-17T10:43:32-05:00 cycle begin
2026-08-17T10:43:35-05:00 cycle exit=
2026-08-17T11:03:35-05:00 cycle begin
2026-08-17T11:03:37-05:00 cycle exit=
2026-08-17T11:23:37-05:00 cycle begin
2026-08-17T11:23:40-05:00 cycle exit=
2026-08-17T11:43:40-05:00 cycle begin
2026-08-17T11:43:43-05:00 cycle exit=
2026-08-17T12:03:43-05:00 cycle begin
2026-08-17T12:03:54-05:00 cycle exit=
2026-08-17T12:23:54-05:00 cycle begin
2026-08-17T12:23:57-05:00 cycle exit=
2026-08-17T12:43:57-05:00 cycle begin
2026-08-17T12:44:04-05:00 cycle exit=
2026-08-17T13:04:04-05:00 cycle begin
2026-08-17T13:04:10-05:00 cycle exit=
2026-08-17T13:24:10-05:00 cycle begin
2026-08-17T13:24:15-05:00 cycle exit=
2026-08-17T13:44:15-05:00 cycle begin
2026-08-17T13:44:21-05:00 cycle exit=
2026-08-17T14:04:21-05:00 cycle begin
2026-08-17T14:04:33-05:00 cycle exit=
2026-08-17T14:24:33-05:00 cycle begin
2026-08-17T14:24:45-05:00 cycle exit=
2026-08-17T14:44:45-05:00 cycle begin
2026-08-17T14:44:49-05:00 cycle exit=
2026-08-17T15:04:49-05:00 cycle begin
2026-08-17T15:04:51-05:00 cycle exit=
2026-08-17T15:24:51-05:00 cycle begin
2026-08-17T15:24:54-05:00 cycle exit=
2026-08-17T15:44:54-05:00 cycle begin
2026-08-17T15:44:57-05:00 cycle exit=
2026-08-17T16:04:57-05:00 cycle begin
2026-08-17T16:05:01-05:00 cycle exit=
2026-08-17T16:25:02-05:00 cycle begin
2026-08-17T16:25:11-05:00 cycle exit=
2026-08-17T16:45:11-05:00 cycle begin
2026-08-17T16:45:17-05:00 cycle exit=
2026-08-17T17:05:17-05:00 cycle begin
2026-08-17T17:05:22-05:00 cycle exit=
2026-08-17T17:25:22-05:00 cycle begin
2026-08-17T17:25:46-05:00 cycle exit=
2026-08-17T17:45:46-05:00 cycle begin
2026-08-17T17:45:57-05:00 cycle exit=
2026-08-17T18:05:57-05:00 cycle begin
2026-08-17T18:05:59-05:00 cycle exit=
2026-08-17T18:25:59-05:00 cycle begin
2026-08-17T18:26:02-05:00 cycle exit=
2026-08-17T18:46:02-05:00 cycle begin
2026-08-17T18:46:04-05:00 cycle exit=
2026-08-17T19:06:04-05:00 cycle begin
2026-08-17T19:06:07-05:00 cycle exit=
2026-08-17T19:26:07-05:00 cycle begin
2026-08-17T19:26:09-05:00 cycle exit=
2026-08-17T19:46:09-05:00 cycle begin
2026-08-17T19:46:12-05:00 cycle exit=
2026-08-17T20:06:12-05:00 cycle begin
2026-08-17T20:06:15-05:00 cycle exit=
2026-08-17T20:26:15-05:00 cycle begin
2026-08-17T20:26:24-05:00 cycle exit=
2026-08-17T20:46:24-05:00 cycle begin
2026-08-17T20:46:28-05:00 cycle exit=
2026-08-17T21:06:28-05:00 cycle begin
2026-08-17T21:06:31-05:00 cycle exit=
2026-08-17T21:26:31-05:00 cycle begin
2026-08-17T21:26:34-05:00 cycle exit=
2026-08-17T21:46:34-05:00 cycle begin
2026-08-17T21:46:36-05:00 cycle exit=
2026-08-17T22:06:36-05:00 cycle begin
2026-08-17T22:06:39-05:00 cycle exit=
2026-08-17T22:26:39-05:00 cycle begin
2026-08-17T22:26:41-05:00 cycle exit=
2026-08-17T22:46:41-05:00 cycle begin
2026-08-17T22:46:44-05:00 cycle exit=
2026-08-17T23:06:44-05:00 cycle begin
2026-08-17T23:06:46-05:00 cycle exit=
2026-08-17T23:26:46-05:00 cycle begin
2026-08-17T23:26:48-05:00 cycle exit=
2026-08-17T23:46:48-05:00 cycle begin
2026-08-17T23:46:51-05:00 cycle exit=
2026-08-18T00:06:51-05:00 cycle begin
2026-08-18T00:06:53-05:00 cycle exit=
2026-08-18T00:26:53-05:00 cycle begin
2026-08-18T00:27:06-05:00 cycle exit=
2026-08-18T00:47:06-05:00 cycle begin
2026-08-18T00:47:09-05:00 cycle exit=
2026-08-18T01:07:09-05:00 cycle begin
2026-08-18T01:07:11-05:00 cycle exit=
2026-08-18T01:27:11-05:00 cycle begin
2026-08-18T01:27:13-05:00 cycle exit=
2026-08-18T01:47:13-05:00 cycle begin
2026-08-18T01:47:16-05:00 cycle exit=
2026-08-18T02:07:16-05:00 cycle begin
2026-08-18T02:07:18-05:00 cycle exit=
2026-08-18T02:27:18-05:00 cycle begin
2026-08-18T02:27:20-05:00 cycle exit=
2026-08-18T02:47:20-05:00 cycle begin
2026-08-18T02:47:22-05:00 cycle exit=
2026-08-18T03:07:22-05:00 cycle begin
2026-08-18T03:07:25-05:00 cycle exit=
2026-08-18T03:27:25-05:00 cycle begin
2026-08-18T03:27:27-05:00 cycle exit=
2026-08-18T03:47:27-05:00 cycle begin
2026-08-18T03:47:29-05:00 cycle exit=
2026-08-18T04:07:29-05:00 cycle begin
2026-08-18T04:08:08-05:00 cycle exit=
2026-08-18T04:28:08-05:00 cycle begin
2026-08-18T04:28:11-05:00 cycle exit=
2026-08-18T04:48:11-05:00 cycle begin
2026-08-18T04:48:14-05:00 cycle exit=
2026-08-18T05:08:14-05:00 cycle begin
2026-08-18T05:08:16-05:00 cycle exit=
2026-08-18T05:28:16-05:00 cycle begin
2026-08-18T05:28:31-05:00 cycle exit=
2026-08-18T05:48:31-05:00 cycle begin
2026-08-18T05:48:32-05:00 cycle exit=
2026-08-18T06:08:32-05:00 cycle begin
2026-08-18T06:08:34-05:00 cycle exit=
2026-08-18T06:28:34-05:00 cycle begin
2026-08-18T06:28:36-05:00 cycle exit=
2026-08-18T06:48:36-05:00 cycle begin
2026-08-18T06:48:38-05:00 cycle exit=
2026-08-18T07:08:38-05:00 cycle begin
2026-08-18T07:08:40-05:00 cycle exit=
2026-08-18T07:28:40-05:00 cycle begin
2026-08-18T07:28:42-05:00 cycle exit=
2026-08-18T07:48:42-05:00 cycle begin
2026-08-18T07:48:44-05:00 cycle exit=
2026-08-18T08:08:44-05:00 cycle begin
2026-08-18T08:08:46-05:00 cycle exit=
2026-08-18T08:28:46-05:00 cycle begin
2026-08-18T08:28:48-05:00 cycle exit=
2026-08-18T08:48:48-05:00 cycle begin
2026-08-18T08:48:50-05:00 cycle exit=
2026-08-18T09:08:50-05:00 cycle begin
2026-08-18T09:08:52-05:00 cycle exit=
2026-08-18T09:28:52-05:00 cycle begin
2026-08-18T09:28:56-05:00 cycle exit=
2026-08-18T09:48:56-05:00 cycle begin
2026-08-18T09:48:58-05:00 cycle exit=
2026-08-18T10:08:58-05:00 cycle begin
2026-08-18T10:09:00-05:00 cycle exit=
2026-08-18T10:29:00-05:00 cycle begin
2026-08-18T10:29:02-05:00 cycle exit=
2026-08-18T10:49:02-05:00 cycle begin
2026-08-18T10:49:04-05:00 cycle exit=
2026-08-18T11:09:04-05:00 cycle begin
2026-08-18T11:09:06-05:00 cycle exit=
2026-08-18T13:00:45-05:00 cycle begin
2026-08-18T13:00:57-05:00 cycle exit=
